Token(Identifier, 'json')
Token(Equal, '=')
Token(LeftBrace, '{')
Token(RightBrace, '}')
Token(Semicolon, ';')
Token(Identifier, 'json')
Token(Dot, '.')
Token(Identifier, 'integers')
Token(Equal, '=')
Token(LeftBracket, '[')
Token(RightBracket, ']')
Token(Semicolon, ';')
Token(Identifier, 'json')
Token(Dot, '.')
Token(Identifier, 'integers')
Token(LeftBracket, '[')
Token(Number, '0')
Token(RightBracket, ']')
Token(Equal, '=')
Token(Number, '0')
Token(Semicolon, ';')
Token(Identifier, 'json')
Token(Dot, '.')
Token(Identifier, 'integers')
Token(LeftBracket, '[')
Token(Number, '1')
Token(RightBracket, ']')
Token(Equal, '=')
Token(Number, '1')
Token(Semicolon, ';')
Token(Identifier, 'json')
Token(Dot, '.')
Token(Identifier, 'integers')
Token(LeftBracket, '[')
Token(Number, '2')
Token(RightBracket, ']')
Token(Equal, '=')
Token(Number, '-1')
Token(Semicolon, ';')
Token(Identifier, 'json')
Token(Dot, '.')
Token(Identifier, 'integers')
Token(LeftBracket, '[')
Token(Number, '3')
Token(RightBracket, ']')
Token(Equal, '=')
Token(Number, '1231231434344')
Token(Semicolon, ';')
Token(Identifier, 'json')
Token(Dot, '.')
Token(Identifier, 'floats')
Token(Equal, '=')
Token(LeftBracket, '[')
Token(RightBracket, ']')
Token(Semicolon, ';')
Token(Identifier, 'json')
Token(Dot, '.')
Token(Identifier, 'floats')
Token(LeftBracket, '[')
Token(Number, '0')
Token(RightBracket, ']')
Token(Equal, '=')
Token(Number, '0.0')
Token(Semicolon, ';')
Token(Identifier, 'json')
Token(Dot, '.')
Token(Identifier, 'floats')
Token(LeftBracket, '[')
Token(Number, '1')
Token(RightBracket, ']')
Token(Equal, '=')
Token(Number, '1.1')
Token(Semicolon, ';')
Token(Identifier, 'json')
Token(Dot, '.')
Token(Identifier, 'floats')
Token(LeftBracket, '[')
Token(Number, '2')
Token(RightBracket, ']')
Token(Equal, '=')
Token(Number, '-1.1')
Token(Semicolon, ';')
Token(Identifier, 'json')
Token(Dot, '.')
Token(Identifier, 'floats')
Token(LeftBracket, '[')
Token(Number, '3')
Token(RightBracket, ']')
Token(Equal, '=')
Token(Number, '1231231434344.1231231434344')
Token(Semicolon, ';')
Token(Identifier, 'json')
Token(Dot, '.')
Token(Identifier, 'floats')
Token(LeftBracket, '[')
Token(Number, '4')
Token(RightBracket, ']')
Token(Equal, '=')
Token(Number, '0.1231231434344')
Token(Semicolon, ';')
Token(Identifier, 'json')
Token(Dot, '.')
Token(Identifier, 'floats')
Token(LeftBracket, '[')
Token(Number, '5')
Token(RightBracket, ']')
Token(Equal, '=')
Token(Number, '-0.4e4')
Token(Semicolon, ';')
Token(Identifier, 'json')
Token(Dot, '.')
Token(Identifier, 'floats')
Token(LeftBracket, '[')
Token(Number, '6')
Token(RightBracket, ']')
Token(Equal, '=')
Token(Number, '1.6E-12')
Token(Semicolon, ';')
Token(Identifier, 'json')
Token(Dot, '.')
Token(Identifier, 'string')
Token(Equal, '=')
Token(String, 'simple string')
Token(Semicolon, ';')
Token(Identifier, 'json')
Token(Dot, '.')
Token(Boolean, 'true')
Token(Equal, '=')
Token(Boolean, 'true')
Token(Semicolon, ';')
Token(Identifier, 'json')
Token(Dot, '.')
Token(Boolean, 'false')
Token(Equal, '=')
Token(Boolean, 'false')
Token(Semicolon, ';')
Token(Identifier, 'json')
Token(Dot, '.')
Token(Null, 'null')
Token(Equal, '=')
Token(Null, 'null')
Token(Semicolon, ';')
Token(Eof, '')